#batteryCapacity:6000;;
#steerLimits:0;;
#kl:0;;
#kl:30;;
#instant:1;;
#battery:1;;
#imu:1;;
#resourceMonitor:1;;
#brake:0;;
#speed:50;;
#steer:-50;;
#speed:50;;
#steer:-100;;
#speed:50;;
#steer:-125;;
#speed:50;;
#steer:-150;;
#speed:50;;
#steer:-175;;
#speed:50;;
#steer:-150;;
#speed:50;;
#steer:-125;;
#speed:50;;
#steer:-100;;
#speed:50;;
#steer:-75;;
#speed:50;;
#steer:-50;;
#speed:50;;
#steer:0;;
#speed:50;;
#steer:50;;
#speed:50;;
#steer:100;;
#speed:50;;
#steer:125;;
#speed:50;;
#steer:100;;
#speed:50;;
#steer:0;;
#speed:50;;
#steer:-75;;
#speed:50;;
#steer:-50;;
#speed:50;;
#steer:0;;
#speed:100;;
#steer:0;;
#speed:100;;
#steer:-75;;
#speed:100;;
#steer:-150;;
#speed:100;;
#steer:-100;;
#speed:100;;
#steer:-75;;
#speed:100;;
#steer:-50;;
#speed:100;;
#steer:-25;;
#speed:100;;
#steer:0;;
#speed:150;;
#steer:-25;;
#speed:150;;
#steer:0;;
#speed:200;;
#steer:0;;
#speed:200;;
#steer:-50;;
#speed:200;;
#steer:-75;;
#speed:200;;
#steer:-50;;
#speed:200;;
#steer:-25;;
#speed:200;;
#steer:0;;
#speed:200;;
#steer:-25;;
#speed:200;;
#steer:-50;;
#speed:200;;
#steer:-75;;
#speed:200;;
#steer:-150;;
#speed:200;;
#steer:-175;;
#speed:200;;
#steer:-150;;
#speed:200;;
#steer:-125;;
#speed:200;;
#steer:-100;;
#speed:200;;
#steer:-75;;
#speed:200;;
#steer:-50;;
#speed:200;;
#steer:-25;;
#speed:200;;
#steer:0;;
#speed:200;;
#steer:-25;;
#speed:200;;
#steer:-75;;
#speed:200;;
#steer:-100;;
#speed:200;;
#steer:-125;;
#speed:200;;
#steer:-175;;
#speed:200;;
#steer:-200;;
#speed:200;;
#steer:-50;;
#speed:200;;
#steer:0;;
#speed:200;;
#steer:25;;
#speed:200;;
#steer:50;;
#speed:200;;
#steer:75;;
#speed:200;;
#steer:100;;
#speed:200;;
#steer:75;;
#speed:200;;
#steer:50;;
#speed:200;;
#steer:25;;
#speed:200;;
#steer:0;;
#brake:0;;
#brake:0;;
#kl:0;;
